// Jest Snapshot v1, https://goo.gl/fbAQLP

exports[`renders Attribute on non-verfied mode component 1`] = `
<View
  style={
    Object {
      "alignSelf": "stretch",
      "backgroundColor": "#FFF",
      "display": "flex",
      "flexDirection": "column",
      "marginVertical": 20,
    }
  }
>
  <View
    style={
      Object {
        "flex": 1,
        "flexDirection": "row",
      }
    }
  >
    <Text
      accessible={true}
      allowFontScaling={true}
      ellipsizeMode="tail"
      style={
        Object {
          "color": "rgba(0, 0, 0, 0.87)",
          "flex": 1,
          "fontSize": 16,
          "fontWeight": "500",
        }
      }
    >
      test
    </Text>
    <Switch
      onValueChange={[Function]}
      value={true}
    />
  </View>
</View>
`;

exports[`renders Attribute on verfied mode component 1`] = `
<View
  style={
    Object {
      "alignSelf": "stretch",
      "backgroundColor": "#FFF",
      "display": "flex",
      "flexDirection": "column",
      "marginVertical": 20,
    }
  }
>
  <View
    style={
      Object {
        "flex": 1,
        "flexDirection": "row",
      }
    }
  >
    <Text
      accessible={true}
      allowFontScaling={true}
      ellipsizeMode="tail"
      style={
        Object {
          "color": "rgba(0, 0, 0, 0.87)",
          "flex": 1,
          "fontSize": 16,
          "fontWeight": "500",
        }
      }
    >
      test
    </Text>
    <Switch
      onValueChange={[Function]}
      value={true}
    />
  </View>
</View>
`;
