// Jest Snapshot v1, https://goo.gl/fbAQLP

exports[`renders Authorisation component 1`] = `
ShallowWrapper {
  "length": 1,
  Symbol(enzyme.__root__): [Circular],
  Symbol(enzyme.__unrendered__): <Authorisation
    goToPetitionSummary={[Function]}
    petitionLink={undefined}
    walletId="my-id"
  />,
  Symbol(enzyme.__renderer__): Object {
    "batchedUpdates": [Function],
    "getNode": [Function],
    "render": [Function],
    "simulateEvent": [Function],
    "unmount": [Function],
  },
  Symbol(enzyme.__node__): Object {
    "instance": null,
    "key": undefined,
    "nodeType": "class",
    "props": Object {
      "children": Array [
        <View
          style={
            Object {
              "alignSelf": "stretch",
              "backgroundColor": "#FFF",
              "margin": 16,
              "marginTop": 50,
              "paddingHorizontal": 20,
              "paddingVertical": 40,
            }
          }
        >
          <Text
            accessible={true}
            allowFontScaling={true}
            ellipsizeMode="tail"
            style={
              Object {
                "alignSelf": "center",
                "color": "rgb(203,73,45)",
                "fontFamily": "Lato-Bold",
                "fontSize": 25,
                "marginBottom": 40,
              }
            }
          >
            SECURE PETITIONS
          </Text>
          <Text
            accessible={true}
            allowFontScaling={true}
            ellipsizeMode="tail"
            style={
              Object {
                "marginBottom": 30,
                "paddingHorizontal": 10,
                "textAlign": "center",
              }
            }
          >
            would like to connect with your DECODE wallet
          </Text>
          <Button
            enabled={true}
            name="AUTHORISE"
            onPress={[Function]}
            style={Object {}}
          />
        </View>,
        <Text
          accessible={true}
          allowFontScaling={true}
          ellipsizeMode="tail"
          style={
            Object {
              "alignSelf": "center",
              "color": "grey",
              "fontSize": 10,
              "marginBottom": 16,
            }
          }
        >
          Wallet ID: 
          my-id
        </Text>,
      ],
      "style": Object {
        "backgroundColor": "rgb(246, 246, 246)",
        "flex": 1,
        "justifyContent": "space-between",
      },
    },
    "ref": null,
    "rendered": Array [
      Object {
        "instance": null,
        "key": undefined,
        "nodeType": "class",
        "props": Object {
          "children": Array [
            <Text
              accessible={true}
              allowFontScaling={true}
              ellipsizeMode="tail"
              style={
                Object {
                  "alignSelf": "center",
                  "color": "rgb(203,73,45)",
                  "fontFamily": "Lato-Bold",
                  "fontSize": 25,
                  "marginBottom": 40,
                }
              }
            >
              SECURE PETITIONS
            </Text>,
            <Text
              accessible={true}
              allowFontScaling={true}
              ellipsizeMode="tail"
              style={
                Object {
                  "marginBottom": 30,
                  "paddingHorizontal": 10,
                  "textAlign": "center",
                }
              }
            >
              would like to connect with your DECODE wallet
            </Text>,
            <Button
              enabled={true}
              name="AUTHORISE"
              onPress={[Function]}
              style={Object {}}
            />,
          ],
          "style": Object {
            "alignSelf": "stretch",
            "backgroundColor": "#FFF",
            "margin": 16,
            "marginTop": 50,
            "paddingHorizontal": 20,
            "paddingVertical": 40,
          },
        },
        "ref": null,
        "rendered": Array [
          Object {
            "instance": null,
            "key": undefined,
            "nodeType": "class",
            "props": Object {
              "accessible": true,
              "allowFontScaling": true,
              "children": "SECURE PETITIONS",
              "ellipsizeMode": "tail",
              "style": Object {
                "alignSelf": "center",
                "color": "rgb(203,73,45)",
                "fontFamily": "Lato-Bold",
                "fontSize": 25,
                "marginBottom": 40,
              },
            },
            "ref": null,
            "rendered": "SECURE PETITIONS",
            "type": [Function],
          },
          Object {
            "instance": null,
            "key": undefined,
            "nodeType": "class",
            "props": Object {
              "accessible": true,
              "allowFontScaling": true,
              "children": "would like to connect with your DECODE wallet",
              "ellipsizeMode": "tail",
              "style": Object {
                "marginBottom": 30,
                "paddingHorizontal": 10,
                "textAlign": "center",
              },
            },
            "ref": null,
            "rendered": "would like to connect with your DECODE wallet",
            "type": [Function],
          },
          Object {
            "instance": null,
            "key": undefined,
            "nodeType": "function",
            "props": Object {
              "enabled": true,
              "name": "AUTHORISE",
              "onPress": [Function],
              "style": Object {},
            },
            "ref": null,
            "rendered": null,
            "type": [Function],
          },
        ],
        "type": [Function],
      },
      Object {
        "instance": null,
        "key": undefined,
        "nodeType": "class",
        "props": Object {
          "accessible": true,
          "allowFontScaling": true,
          "children": Array [
            "Wallet ID: ",
            "my-id",
          ],
          "ellipsizeMode": "tail",
          "style": Object {
            "alignSelf": "center",
            "color": "grey",
            "fontSize": 10,
            "marginBottom": 16,
          },
        },
        "ref": null,
        "rendered": Array [
          "Wallet ID: ",
          "my-id",
        ],
        "type": [Function],
      },
    ],
    "type": [Function],
  },
  Symbol(enzyme.__nodes__): Array [
    Object {
      "instance": null,
      "key": undefined,
      "nodeType": "class",
      "props": Object {
        "children": Array [
          <View
            style={
              Object {
                "alignSelf": "stretch",
                "backgroundColor": "#FFF",
                "margin": 16,
                "marginTop": 50,
                "paddingHorizontal": 20,
                "paddingVertical": 40,
              }
            }
          >
            <Text
              accessible={true}
              allowFontScaling={true}
              ellipsizeMode="tail"
              style={
                Object {
                  "alignSelf": "center",
                  "color": "rgb(203,73,45)",
                  "fontFamily": "Lato-Bold",
                  "fontSize": 25,
                  "marginBottom": 40,
                }
              }
            >
              SECURE PETITIONS
            </Text>
            <Text
              accessible={true}
              allowFontScaling={true}
              ellipsizeMode="tail"
              style={
                Object {
                  "marginBottom": 30,
                  "paddingHorizontal": 10,
                  "textAlign": "center",
                }
              }
            >
              would like to connect with your DECODE wallet
            </Text>
            <Button
              enabled={true}
              name="AUTHORISE"
              onPress={[Function]}
              style={Object {}}
            />
          </View>,
          <Text
            accessible={true}
            allowFontScaling={true}
            ellipsizeMode="tail"
            style={
              Object {
                "alignSelf": "center",
                "color": "grey",
                "fontSize": 10,
                "marginBottom": 16,
              }
            }
          >
            Wallet ID: 
            my-id
          </Text>,
        ],
        "style": Object {
          "backgroundColor": "rgb(246, 246, 246)",
          "flex": 1,
          "justifyContent": "space-between",
        },
      },
      "ref": null,
      "rendered": Array [
        Object {
          "instance": null,
          "key": undefined,
          "nodeType": "class",
          "props": Object {
            "children": Array [
              <Text
                accessible={true}
                allowFontScaling={true}
                ellipsizeMode="tail"
                style={
                  Object {
                    "alignSelf": "center",
                    "color": "rgb(203,73,45)",
                    "fontFamily": "Lato-Bold",
                    "fontSize": 25,
                    "marginBottom": 40,
                  }
                }
              >
                SECURE PETITIONS
              </Text>,
              <Text
                accessible={true}
                allowFontScaling={true}
                ellipsizeMode="tail"
                style={
                  Object {
                    "marginBottom": 30,
                    "paddingHorizontal": 10,
                    "textAlign": "center",
                  }
                }
              >
                would like to connect with your DECODE wallet
              </Text>,
              <Button
                enabled={true}
                name="AUTHORISE"
                onPress={[Function]}
                style={Object {}}
              />,
            ],
            "style": Object {
              "alignSelf": "stretch",
              "backgroundColor": "#FFF",
              "margin": 16,
              "marginTop": 50,
              "paddingHorizontal": 20,
              "paddingVertical": 40,
            },
          },
          "ref": null,
          "rendered": Array [
            Object {
              "instance": null,
              "key": undefined,
              "nodeType": "class",
              "props": Object {
                "accessible": true,
                "allowFontScaling": true,
                "children": "SECURE PETITIONS",
                "ellipsizeMode": "tail",
                "style": Object {
                  "alignSelf": "center",
                  "color": "rgb(203,73,45)",
                  "fontFamily": "Lato-Bold",
                  "fontSize": 25,
                  "marginBottom": 40,
                },
              },
              "ref": null,
              "rendered": "SECURE PETITIONS",
              "type": [Function],
            },
            Object {
              "instance": null,
              "key": undefined,
              "nodeType": "class",
              "props": Object {
                "accessible": true,
                "allowFontScaling": true,
                "children": "would like to connect with your DECODE wallet",
                "ellipsizeMode": "tail",
                "style": Object {
                  "marginBottom": 30,
                  "paddingHorizontal": 10,
                  "textAlign": "center",
                },
              },
              "ref": null,
              "rendered": "would like to connect with your DECODE wallet",
              "type": [Function],
            },
            Object {
              "instance": null,
              "key": undefined,
              "nodeType": "function",
              "props": Object {
                "enabled": true,
                "name": "AUTHORISE",
                "onPress": [Function],
                "style": Object {},
              },
              "ref": null,
              "rendered": null,
              "type": [Function],
            },
          ],
          "type": [Function],
        },
        Object {
          "instance": null,
          "key": undefined,
          "nodeType": "class",
          "props": Object {
            "accessible": true,
            "allowFontScaling": true,
            "children": Array [
              "Wallet ID: ",
              "my-id",
            ],
            "ellipsizeMode": "tail",
            "style": Object {
              "alignSelf": "center",
              "color": "grey",
              "fontSize": 10,
              "marginBottom": 16,
            },
          },
          "ref": null,
          "rendered": Array [
            "Wallet ID: ",
            "my-id",
          ],
          "type": [Function],
        },
      ],
      "type": [Function],
    },
  ],
  Symbol(enzyme.__options__): Object {
    "adapter": ReactSixteenAdapter {
      "options": Object {
        "enableComponentDidUpdateOnSetState": true,
      },
    },
    "context": Object {
      "store": Object {
        "clearActions": [Function],
        "dispatch": [Function],
        "getActions": [Function],
        "getState": [Function],
        "replaceReducer": [Function],
        "subscribe": [Function],
      },
    },
  },
}
`;
