// Jest Snapshot v1, https://goo.gl/fbAQLP

exports[`renders NewDateOfBirthAttribute component 1`] = `
ShallowWrapper {
  "length": 1,
  Symbol(enzyme.__root__): [Circular],
  Symbol(enzyme.__unrendered__): <NewDateOfBirthAttribute
    maxDate={2018-12-31T23:00:00.000Z}
    minDate={1949-12-31T23:00:00.000Z}
    saveDateOfBirth={[Function]}
    walletId="123"
  />,
  Symbol(enzyme.__renderer__): Object {
    "batchedUpdates": [Function],
    "getNode": [Function],
    "render": [Function],
    "simulateEvent": [Function],
    "unmount": [Function],
  },
  Symbol(enzyme.__node__): Object {
    "instance": null,
    "key": undefined,
    "nodeType": "class",
    "props": Object {
      "children": Array [
        <DatePicker
          TouchableComponent={[Function]}
          allowFontScaling={true}
          androidMode="default"
          cancelBtnText="Cancel"
          confirmBtnText="Confirm"
          customStyles={
            Object {
              "dateInput": Object {
                "marginLeft": 36,
              },
            }
          }
          date=""
          disabled={false}
          duration={300}
          format="DD/MM/YYYY"
          height={259}
          hideText={false}
          iconSource={1}
          maxDate={2018-12-31T23:00:00.000Z}
          minDate={1949-12-31T23:00:00.000Z}
          modalOnResponderTerminationRequest={[Function]}
          mode="date"
          onDateChange={[Function]}
          placeholder="select date"
          showIcon={true}
          style={
            Object {
              "width": 200,
            }
          }
        />,
        <Button
          enabled={true}
          name="addDateOfBirth"
          onPress={[Function]}
          style={Object {}}
        />,
      ],
      "style": Object {
        "alignSelf": "stretch",
        "backgroundColor": "#FFF",
        "margin": 16,
        "marginTop": 30,
        "paddingHorizontal": 20,
        "paddingVertical": 40,
      },
    },
    "ref": null,
    "rendered": Array [
      Object {
        "instance": null,
        "key": undefined,
        "nodeType": "class",
        "props": Object {
          "TouchableComponent": [Function],
          "allowFontScaling": true,
          "androidMode": "default",
          "cancelBtnText": "Cancel",
          "confirmBtnText": "Confirm",
          "customStyles": Object {
            "dateInput": Object {
              "marginLeft": 36,
            },
          },
          "date": "",
          "disabled": false,
          "duration": 300,
          "format": "DD/MM/YYYY",
          "height": 259,
          "hideText": false,
          "iconSource": 1,
          "maxDate": 2018-12-31T23:00:00.000Z,
          "minDate": 1949-12-31T23:00:00.000Z,
          "modalOnResponderTerminationRequest": [Function],
          "mode": "date",
          "onDateChange": [Function],
          "placeholder": "select date",
          "showIcon": true,
          "style": Object {
            "width": 200,
          },
        },
        "ref": null,
        "rendered": null,
        "type": [Function],
      },
      Object {
        "instance": null,
        "key": undefined,
        "nodeType": "function",
        "props": Object {
          "enabled": true,
          "name": "addDateOfBirth",
          "onPress": [Function],
          "style": Object {},
        },
        "ref": null,
        "rendered": null,
        "type": [Function],
      },
    ],
    "type": [Function],
  },
  Symbol(enzyme.__nodes__): Array [
    Object {
      "instance": null,
      "key": undefined,
      "nodeType": "class",
      "props": Object {
        "children": Array [
          <DatePicker
            TouchableComponent={[Function]}
            allowFontScaling={true}
            androidMode="default"
            cancelBtnText="Cancel"
            confirmBtnText="Confirm"
            customStyles={
              Object {
                "dateInput": Object {
                  "marginLeft": 36,
                },
              }
            }
            date=""
            disabled={false}
            duration={300}
            format="DD/MM/YYYY"
            height={259}
            hideText={false}
            iconSource={1}
            maxDate={2018-12-31T23:00:00.000Z}
            minDate={1949-12-31T23:00:00.000Z}
            modalOnResponderTerminationRequest={[Function]}
            mode="date"
            onDateChange={[Function]}
            placeholder="select date"
            showIcon={true}
            style={
              Object {
                "width": 200,
              }
            }
          />,
          <Button
            enabled={true}
            name="addDateOfBirth"
            onPress={[Function]}
            style={Object {}}
          />,
        ],
        "style": Object {
          "alignSelf": "stretch",
          "backgroundColor": "#FFF",
          "margin": 16,
          "marginTop": 30,
          "paddingHorizontal": 20,
          "paddingVertical": 40,
        },
      },
      "ref": null,
      "rendered": Array [
        Object {
          "instance": null,
          "key": undefined,
          "nodeType": "class",
          "props": Object {
            "TouchableComponent": [Function],
            "allowFontScaling": true,
            "androidMode": "default",
            "cancelBtnText": "Cancel",
            "confirmBtnText": "Confirm",
            "customStyles": Object {
              "dateInput": Object {
                "marginLeft": 36,
              },
            },
            "date": "",
            "disabled": false,
            "duration": 300,
            "format": "DD/MM/YYYY",
            "height": 259,
            "hideText": false,
            "iconSource": 1,
            "maxDate": 2018-12-31T23:00:00.000Z,
            "minDate": 1949-12-31T23:00:00.000Z,
            "modalOnResponderTerminationRequest": [Function],
            "mode": "date",
            "onDateChange": [Function],
            "placeholder": "select date",
            "showIcon": true,
            "style": Object {
              "width": 200,
            },
          },
          "ref": null,
          "rendered": null,
          "type": [Function],
        },
        Object {
          "instance": null,
          "key": undefined,
          "nodeType": "function",
          "props": Object {
            "enabled": true,
            "name": "addDateOfBirth",
            "onPress": [Function],
            "style": Object {},
          },
          "ref": null,
          "rendered": null,
          "type": [Function],
        },
      ],
      "type": [Function],
    },
  ],
  Symbol(enzyme.__options__): Object {
    "adapter": ReactSixteenAdapter {
      "options": Object {
        "enableComponentDidUpdateOnSetState": true,
      },
    },
    "context": Object {
      "store": Object {
        "clearActions": [Function],
        "dispatch": [Function],
        "getActions": [Function],
        "getState": [Function],
        "replaceReducer": [Function],
        "subscribe": [Function],
      },
    },
  },
}
`;
