// Jest Snapshot v1, https://goo.gl/fbAQLP

exports[`renders Walkthrough component 1`] = `
ShallowWrapper {
  "length": 1,
  Symbol(enzyme.__root__): [Circular],
  Symbol(enzyme.__unrendered__): <Walkthrough
    goToPinSetup={[Function]}
  />,
  Symbol(enzyme.__renderer__): Object {
    "batchedUpdates": [Function],
    "getNode": [Function],
    "render": [Function],
    "simulateEvent": [Function],
    "unmount": [Function],
  },
  Symbol(enzyme.__node__): Object {
    "instance": null,
    "key": undefined,
    "nodeType": "class",
    "props": Object {
      "DoneButtonComponent": [Function],
      "DotComponent": [Function],
      "NextButtonComponent": [Function],
      "SkipButtonComponent": [Function],
      "bottomBarHeight": 60,
      "bottomBarHighlight": true,
      "controlStatusBar": true,
      "nextLabel": "Next",
      "onDone": [Function],
      "onSkip": [Function],
      "pages": Array [
        Object {
          "backgroundColor": "#0575e5",
          "image": <Image
            resizeMode="contain"
            source={1}
            style={
              Object {
                "height": 400,
                "width": "95%",
              }
            }
          />,
          "imageContainerStyles": Object {
            "flex": 7,
          },
          "subtitle": <TitleElement
            style={
              Object {
                "color": "white",
                "flex": 7,
                "fontSize": 36,
                "paddingLeft": 50,
                "paddingRight": 50,
                "textAlign": "center",
              }
            }
            title="Gives you ownership of your personal data"
          />,
          "title": <TitleElement
            style={
              Object {
                "color": "white",
                "flex": 1,
                "fontSize": 48,
              }
            }
            title="DECODE"
          />,
        },
        Object {
          "backgroundColor": "#fe6e58",
          "image": <Image
            resizeMode="contain"
            source={1}
            style={
              Object {
                "height": 400,
                "width": "100%",
              }
            }
          />,
          "subtitle": "This is the subtitle that sumplements the title.",
          "title": "The Title",
        },
        Object {
          "backgroundColor": "#999",
          "image": <Image
            resizeMode="contain"
            source={1}
            style={
              Object {
                "height": 400,
                "width": "100%",
              }
            }
          />,
          "subtitle": "Beautiful, isn't it?",
          "title": "Triangle",
        },
        Object {
          "backgroundColor": "#999",
          "image": <Image
            resizeMode="contain"
            source={1}
            style={
              Object {
                "height": 400,
                "width": "100%",
              }
            }
          />,
          "subtitle": "Beautiful, isn't it?",
          "title": "Triangle",
        },
      ],
      "showDone": true,
      "showNext": true,
      "showSkip": true,
      "skipLabel": "Skip",
    },
    "ref": null,
    "rendered": null,
    "type": [Function],
  },
  Symbol(enzyme.__nodes__): Array [
    Object {
      "instance": null,
      "key": undefined,
      "nodeType": "class",
      "props": Object {
        "DoneButtonComponent": [Function],
        "DotComponent": [Function],
        "NextButtonComponent": [Function],
        "SkipButtonComponent": [Function],
        "bottomBarHeight": 60,
        "bottomBarHighlight": true,
        "controlStatusBar": true,
        "nextLabel": "Next",
        "onDone": [Function],
        "onSkip": [Function],
        "pages": Array [
          Object {
            "backgroundColor": "#0575e5",
            "image": <Image
              resizeMode="contain"
              source={1}
              style={
                Object {
                  "height": 400,
                  "width": "95%",
                }
              }
            />,
            "imageContainerStyles": Object {
              "flex": 7,
            },
            "subtitle": <TitleElement
              style={
                Object {
                  "color": "white",
                  "flex": 7,
                  "fontSize": 36,
                  "paddingLeft": 50,
                  "paddingRight": 50,
                  "textAlign": "center",
                }
              }
              title="Gives you ownership of your personal data"
            />,
            "title": <TitleElement
              style={
                Object {
                  "color": "white",
                  "flex": 1,
                  "fontSize": 48,
                }
              }
              title="DECODE"
            />,
          },
          Object {
            "backgroundColor": "#fe6e58",
            "image": <Image
              resizeMode="contain"
              source={1}
              style={
                Object {
                  "height": 400,
                  "width": "100%",
                }
              }
            />,
            "subtitle": "This is the subtitle that sumplements the title.",
            "title": "The Title",
          },
          Object {
            "backgroundColor": "#999",
            "image": <Image
              resizeMode="contain"
              source={1}
              style={
                Object {
                  "height": 400,
                  "width": "100%",
                }
              }
            />,
            "subtitle": "Beautiful, isn't it?",
            "title": "Triangle",
          },
          Object {
            "backgroundColor": "#999",
            "image": <Image
              resizeMode="contain"
              source={1}
              style={
                Object {
                  "height": 400,
                  "width": "100%",
                }
              }
            />,
            "subtitle": "Beautiful, isn't it?",
            "title": "Triangle",
          },
        ],
        "showDone": true,
        "showNext": true,
        "showSkip": true,
        "skipLabel": "Skip",
      },
      "ref": null,
      "rendered": null,
      "type": [Function],
    },
  ],
  Symbol(enzyme.__options__): Object {
    "adapter": ReactSixteenAdapter {
      "options": Object {
        "enableComponentDidUpdateOnSetState": true,
      },
    },
    "context": Object {
      "store": Object {
        "clearActions": [Function],
        "dispatch": [Function],
        "getActions": [Function],
        "getState": [Function],
        "replaceReducer": [Function],
        "subscribe": [Function],
      },
    },
  },
}
`;
